[ikwhat.com/repository-016/thara/index-6.html]
[ikwhat.com/repository-016/thara/assets/img/favicon.png]
[backblue.gif]
[fade.gif]
[index.html]
[ikwhat.com/repository-016/thara/assets/img/logo.png]
[ikwhat.com/repository-016/thara/about.html]
[ikwhat.com/repository-016/thara/services-style-one.html]
[ikwhat.com/repository-016/thara/services-details-Systeme-De-Detection-Intrusion.html]
[ikwhat.com/repository-016/thara/services-details-Systeme-De-Detection-Incendie.html]
[ikwhat.com/repository-016/thara/services-details-Systeme-De-Detection-Extinction-Automatique-Incendie.html]
[ikwhat.com/repository-016/thara/services-details-Systeme-De-Video-surveillance.html]
[ikwhat.com/repository-016/thara/services-details-Systeme-De-Controle-Dacces.html]
[ikwhat.com/repository-016/thara/services-details-Systeme-De-Videophonie-Interphonie.html]
[ikwhat.com/repository-016/thara/services-details-Tracking-Et-Geolocalisation.html]
[ikwhat.com/repository-016/thara/contact.html]
[ikwhat.com/repository-016/thara/assets/img/banner/banner-logo.png]
[ikwhat.com/repository-016/thara/assets/img/services/services-1.jpg]
[ikwhat.com/repository-016/thara/assets/img/services/services-2.jpg]
[ikwhat.com/repository-016/thara/assets/img/services/services-3.jpg]
[ikwhat.com/repository-016/thara/assets/img/services/services-4.jpg]
[ikwhat.com/repository-016/thara/assets/img/services/services-5.jpg]
[ikwhat.com/repository-016/thara/assets/img/services/services-6.jpg]
[ikwhat.com/repository-016/thara/assets/img/services/services-7.jpg]
[ikwhat.com/repository-016/thara/assets/img/services/services-8.jpg]
[ikwhat.com/repository-016/thara/assets/img/about-img.jpg]
[ikwhat.com/repository-016/thara/assets/img/partner/partner-1.png]
[ikwhat.com/repository-016/thara/assets/img/partner/partner-2.png]
[ikwhat.com/repository-016/thara/assets/img/partner/partner-3.png]
[ikwhat.com/repository-016/thara/assets/img/partner/partner-4.png]
[ikwhat.com/repository-016/thara/assets/img/partner/partner-5.png]
[ikwhat.com/repository-016/thara/assets/js/jquery.min.js]
[ikwhat.com/repository-016/thara/assets/js/bootstrap.bundle.min.js]
[ikwhat.com/repository-016/thara/assets/js/meanmenu.min.js]
[ikwhat.com/repository-016/thara/assets/js/owl.carousel.min.js]
[ikwhat.com/repository-016/thara/assets/js/nice-select.min.js]
[ikwhat.com/repository-016/thara/assets/js/magnific-popup.min.js]
[ikwhat.com/repository-016/thara/assets/js/jarallax.min.js]
[ikwhat.com/repository-016/thara/assets/js/appear.min.js]
[ikwhat.com/repository-016/thara/assets/js/odometer.min.js]
[ikwhat.com/repository-016/thara/assets/js/smoothscroll.min.js]
[ikwhat.com/repository-016/thara/assets/js/form-validator.min.js]
[ikwhat.com/repository-016/thara/assets/js/contact-form-script.js]
[ikwhat.com/repository-016/thara/assets/js/ajaxchimp.min.js]
[ikwhat.com/repository-016/thara/assets/js/wow.min.js]
[ikwhat.com/repository-016/thara/assets/js/custom.js]
[ikwhat.com/repository-016/thara/index-6.html]
[ikwhat.com/repository-016/thara/assets/css/bootstrap.min.css]
[ikwhat.com/repository-016/thara/assets/css/owl.theme.default.min.css]
[ikwhat.com/repository-016/thara/assets/css/owl.video.play.html]
[ikwhat.com/repository-016/thara/assets/css/owl.carousel.min.css]
[ikwhat.com/repository-016/thara/assets/css/animate.min.css]
[ikwhat.com/repository-016/thara/assets/fonts/boxicons.eot]
[ikwhat.com/repository-016/thara/assets/fonts/boxicons.woff2]
[ikwhat.com/repository-016/thara/assets/fonts/boxicons.woff]
[ikwhat.com/repository-016/thara/assets/fonts/boxicons.ttf]
[ikwhat.com/repository-016/thara/assets/css/boxicons.min.css]
[ikwhat.com/repository-016/thara/assets/css/magnific-popup.min.css]
[ikwhat.com/repository-016/thara/assets/fonts/Flaticon.eot]
[ikwhat.com/repository-016/thara/assets/fonts/Flaticond41dd41d.eot]
[ikwhat.com/repository-016/thara/assets/fonts/Flaticon.woff2]
[ikwhat.com/repository-016/thara/assets/fonts/Flaticon.woff]
[ikwhat.com/repository-016/thara/assets/fonts/Flaticon.ttf]
[ikwhat.com/repository-016/thara/assets/css/flaticon.css]
[ikwhat.com/repository-016/thara/assets/css/meanmenu.min.css]
[ikwhat.com/repository-016/thara/assets/css/nice-select.min.css]
[ikwhat.com/repository-016/thara/assets/css/odometer.min.css]
[ikwhat.com/repository-016/thara/assets/img/banner/banner-bg-1.jpg]
[ikwhat.com/repository-016/thara/assets/img/banner/banner-bg-2.jpg]
[ikwhat.com/repository-016/thara/assets/img/banner/banner-bg-4.jpg]
[ikwhat.com/repository-016/thara/assets/img/banner/banner-bg-5.jpg]
[ikwhat.com/repository-016/thara/assets/img/testimonials-bg.jpg]
[ikwhat.com/repository-016/thara/assets/img/footer-bg.jpg]
[ikwhat.com/repository-016/thara/assets/img/page-bg-shape.png]
[ikwhat.com/repository-016/thara/assets/css/style.css]
[ikwhat.com/repository-016/thara/assets/img/approach-img.jpg]
[ikwhat.com/repository-016/thara/assets/img/protect-img.jpg]
[ikwhat.com/repository-016/thara/assets/css/responsive.css]
[ikwhat.com/repository-016/thara/about.html]
[ikwhat.com/repository-016/thara/services-style-one.html]
[ikwhat.com/repository-016/thara/assets/img/services-details/services-details-1.jpg]
[ikwhat.com/repository-016/thara/services-details-Systeme-De-Detection-Intrusion.html]
[ikwhat.com/repository-016/thara/services-details-Systeme-De-Detection-Incendie.html]
[ikwhat.com/repository-016/thara/services-details-Systeme-De-Detection-Extinction-Automatique-Incendie.html]
[ikwhat.com/repository-016/thara/services-details-Systeme-De-Video-surveillance.html]
[ikwhat.com/repository-016/thara/services-details-Systeme-De-Controle-Dacces.html]
[ikwhat.com/repository-016/thara/services-details-Systeme-De-Videophonie-Interphonie.html]
[ikwhat.com/repository-016/thara/services-details-Tracking-Et-Geolocalisation.html]
[ikwhat.com/repository-016/thara/contact.html]
[ikwhat.com/repository-016/thara/services-details.html]
[ikwhat.com/cdn-cgi/scripts/5c5dd728/cloudflare-static/email-decode.min.html]
[ikwhat.com/repository-016/thara/assets/css/owl.video.play.html]
[ikwhat.com/repository-016/thara/assets/fonts/boxiconsd41dd41d.svg]
[ikwhat.com/repository-016/thara/assets/fonts/Flaticon.svg]
